
Running Job 1 of 1 input
qchem input_15430.0 /scratch/qchem15430/ 1
/home/epif/aimm/qcprog.exe_s input_15430.0 /scratch/qchem15430/
4194304
Check license passed

                  Welcome to Q-Chem
     A Quantum Leap Into The Future Of Chemistry


 Q-Chem 5.0, Q-Chem, Inc., Pleasanton, CA (2017)

 Yihan Shao,  Zhengting Gan,  E. Epifanovsky,  A. T. B. Gilbert,  M. Wormit,  
 J. Kussmann,  A. W. Lange,  A. Behn,  Jia Deng,  Xintian Feng,  D. Ghosh,  
 M. Goldey,  P. R. Horn,  L. D. Jacobson,  I. Kaliman,  T. Kus,  A. Landau,  
 Jie Liu,  E. I. Proynov,  R. M. Richard,  R. P. Steele,  E. J. Sundstrom,  
 H. L. Woodcock III,  P. M. Zimmerman,  D. Zuev,  B. Albrecht,  E. Alguire,  
 S. A. Baeppler,  Z. Benda,  Y. A. Bernard,  E. J. Berquist,  K. B. Bravaya,  
 D. Casanova,  Chun-Min Chang,  Yunqing Chen,  A. Chien,  K. D. Closser,  
 M. P. Coons,  S. Dasgupta,  M. Diedenhofen,  Hainam Do,  R. G. Edgar,  
 Po-Tung Fang,  S. Fatehi,  Qingguo Feng,  Qinghui Ge,  A. Ghysels,  
 J. Gomes,  J. Gonthier,  A. Gunina,  M. W. D. Hanson-Heine,  
 P. H. P. Harbach,  A. W. Hauser,  J. E. Herr,  E. G. Hohenstein,  
 Z. C. Holden,  Kerwin Hui,  T.-C. Jagau,  Hyunjun Ji,  B. Kaduk,  
 K. Khistyaev,  Jaehoon Kim,  P. Klunzinger,  K. Koh,  D. Kosenkov,  
 T. Kowalczyk,  C. M. Krauter,  A. Kunitsa,  Ka Un Lao,  A. Laurent,  
 K. V. Lawler,  Joonho Lee,  D. Lefrancois,  S. Lehtola,  D. S. Levine,  
 Yi-Pei Li,  You-Sheng Lin,  Fenglai Liu,  E. Livshits,  A. Luenser,  
 P. Manohar,  E. Mansoor,  S. F. Manzer,  Shan-Ping Mao,  Yuezhi Mao,  
 N. Mardirossian,  A. V. Marenich,  L. A. Martinez-Martinez,  S. A. Maurer,  
 N. J. Mayhall,  S. C. McKenzie,  J.-M. Mewes,  A. F. Morrison,  K. Nanda,  
 T. S. Nguyen-Beck,  R. Olivares-Amaya,  J. A. Parkhill,  T. M. Perrine,  
 F. Plasser,  S. Prager,  A. Prociuk,  D. R. Rehn,  F. Rob,  M. Schneider,  
 N. Sergueev,  S. M. Sharada,  S. Sharma,  D. W. Small,  T. Stauch,  
 T. Stein,  Yu-Chuan Su,  A. J. W. Thom,  T. Tsuchimochi,  L. Vogt,  
 O. Vydrov,  M. A. Watson,  J. Wenzel,  M. de Wergifosse,  T. A. Wesolowski,  
 A. White,  J. Witte,  A. Yamada,  Jun Yang,  K. Yao,  S. Yeganeh,  
 S. R. Yost,  Zhi-Qiang You,  A. Zech,  Igor Ying Zhang,  Xing Zhang,  
 Yan Zhao,  Ying Zhu,  B. R. Brooks,  G. K. L. Chan,  C. J. Cramer,  
 M. S. Gordon,  W. J. Hehre,  A. Klamt,  M. W. Schmidt,  C. D. Sherrill,  
 D. G. Truhlar,  A. Aspuru-Guzik,  R. Baer,  A. T. Bell,  N. A. Besley,  
 Jeng-Da Chai,  A. Dreuw,  B. D. Dunietz,  T. R. Furlani,  Chao-Ping Hsu,  
 Yousung Jung,  Jing Kong,  D. S. Lambrecht,  WanZhen Liang,  C. Ochsenfeld,  
 V. A. Rassolov,  L. V. Slipchenko,  J. E. Subotnik,  T. Van Voorhis,  
 J. M. Herbert,  A. I. Krylov,  P. M. W. Gill,  M. Head-Gordon

 Contributors to earlier versions of Q-Chem not listed above: 
 R. D. Adamson,  B. Austin,  J. Baker,  G. J. O. Beran,  K. Brandhorst,  
 S. T. Brown,  E. F. C. Byrd,  A. K. Chakraborty,  C.-L. Cheng,  
 Siu Hung Chien,  D. M. Chipman,  D. L. Crittenden,  H. Dachsel,  
 R. A. DiStasio Jr.,  R. J. Doerksen,  A. D. Dutoi,  L. Fusti-Molnar,  
 W. A. Goddard III,  A. Golubeva-Zadorozhnaya,  S. R. Gwaltney,  G. Hawkins,  
 A. Heyden,  S. Hirata,  G. Kedziora,  F. J. Keil,  C. Kelley,  Jihan Kim,  
 R. A. King,  R. Z. Khaliullin,  P. P. Korambath,  W. Kurlancheek,  
 A. M. Lee,  M. S. Lee,  S. V. Levchenko,  Ching Yeh Lin,  D. Liotard,  
 R. C. Lochan,  I. Lotan,  P. E. Maslen,  N. Nair,  D. P. O'Neill,  
 D. Neuhauser,  E. Neuscamman,  C. M. Oana,  R. Olson,  B. Peters,  
 R. Peverati,  P. A. Pieniazek,  Y. M. Rhee,  J. Ritchie,  M. A. Rohrdanz,  
 E. Rosta,  N. J. Russ,  H. F. Schaefer III,  N. E. Schultz,  N. Shenvi,  
 A. C. Simmonett,  A. Sodt,  D. Stuck,  K. S. Thanthiriwatte,  V. Vanovschi,  
 Tao Wang,  A. Warshel,  C. F. Williams,  Q. Wu,  X. Xu,  W. Zhang

 Please cite Q-Chem as follows:
 Y. Shao et al., Mol. Phys. 113, 184-215 (2015)
 DOI: 10.1080/00268976.2014.952696

 Q-Chem 5.0.1 for Intel X86 EM64T Linux

 Parts of Q-Chem use Armadillo 5.200.1 (Boston Tea Smuggler).
 http://arma.sourceforge.net/

 Q-Chem begins on Mon Dec  4 13:59:49 2017  

Host: iqmol
0

     Scratch files written to /scratch/qchem15430//
 Sep917 18824_ 25685  25680 -1
Processing $rem in /opt/qchem/qc50/config/preferences.
 MEM_TOTAL  2000 

Checking the input file for inconsistencies... 	...done.

--------------------------------------------------------------
User input:
--------------------------------------------------------------
$molecule
0 1
H   -3.8423045    0.2798708    0.7596000
O   -4.3255045    0.3363708   -0.0574000
H   -5.2524045    0.3029708    0.1521000
$end

$rem
BASIS  =  3-21G
EE_SINGLETS  =  [2,2]
GUI  =  2
METHOD  =  EOM-CCSD
N_FROZEN_CORE  =  0
N_FROZEN_VIRTUAL  =  0
$end

--------------------------------------------------------------
 ----------------------------------------------------------------
             Standard Nuclear Orientation (Angstroms)
    I     Atom           X                Y                Z
 ----------------------------------------------------------------
    1      H       0.7677908504    -0.4487543175     0.0000000000
    2      O      -0.0000015992     0.1121897477     0.0000000000
    3      H      -0.7677780571    -0.4487636644    -0.0000000000
 ----------------------------------------------------------------
 Molecular Point Group                 Cs    NOp =  2
 Largest Abelian Subgroup              Cs    NOp =  2
 Nuclear Repulsion Energy =     9.2489036660 hartrees
 There are        5 alpha and        5 beta electrons
 Requested basis set is 3-21G
 There are 7 shells and 13 basis functions
 Total memory of 2000MB is distributed as follows: 
   QALLOC including MEM_STATIC uses 62MB
   MEM_STATIC is set to 62MB
   CCMAN JOB total memory use is  1938MB
 Warning: actual memory use might exceed 2000MB

 Total QAlloc Memory Limit     62 MB
 Mega-Array Size        61 MB
 MEM_STATIC part        62 MB

                       Distance Matrix (Angstroms)
             H (  1)   O (  2)
   O (  2)  0.950875
   H (  3)  1.535569  0.950868
 
 A cutoff of  1.0D-14 yielded     28 shell pairs
 There are       103 function pairs
 Smallest overlap matrix eigenvalue = 1.07E-01

 Scale SEOQF with 1.000000e+00/1.000000e+00/1.000000e+00

 Standard Electronic Orientation quadrupole field applied
 Nucleus-field energy     =     0.0000000008 hartrees
 Guess from superposition of atomic densities
 Warning:  Energy on first SCF cycle will be non-variational
 A restricted Hartree-Fock SCF calculation will be
 performed using Pulay DIIS extrapolation
 SCF converges when DIIS error is below 1.0E-08
 ---------------------------------------
  Cycle       Energy         DIIS Error
 ---------------------------------------
    1     -75.5420213593      2.41E-01
    2     -75.5514504631      4.30E-02
    3     -75.5803305943      2.04E-02
    4     -75.5853053096      2.14E-03
    5     -75.5854638113      4.36E-04
    6     -75.5854692417      3.69E-05
    7     -75.5854692863      2.05E-06
    8     -75.5854692864      2.42E-07
    9     -75.5854692864      5.83E-08
   10     -75.5854692864      1.23E-08
   11     -75.5854692864      1.15E-09 Convergence criterion met
 ---------------------------------------
 SCF time:  CPU 0.03 s  wall 0.03 s
 SCF   energy in the final basis set = -75.58546929
 Total energy in the final basis set = -75.58546929


 ------------------------------------------------------------------------------

   CCMAN2: suite of methods based on coupled cluster
           and equation of motion theories.

   Components:
   * libvmm-1.3-trunk
     by Evgeny Epifanovsky, Ilya Kaliman.
   * libtensor-2.5-release
     by Evgeny Epifanovsky, Michael Wormit, Dmitry Zuev, Sam Manzer, 
        Ilya Kaliman.
   * libcc-2.5-trunk
     by Evgeny Epifanovsky, Arik Landau, Tomasz Kus, Kirill Khistyaev, 
        Dmitry Zuev, Prashant Manohar, Xintian Feng, Anna Krylov, 
        Matthew Goldey, Alec White, Thomas Jagau, Kaushik Nanda, 
        Anastasia Gunina, Alexander Kunitsa, Joonho Lee.

   CCMAN original authors:
   Anna I. Krylov, C. David Sherrill, Steven R. Gwaltney,
   Edward F. C. Byrd (2000)
   Sergey V. Levchenko, Lyudmila V. Slipchenko, Tao Wang,
   Ana-Maria C. Cristian (2003)
   Piotr A. Pieniazek, C. Melania Oana, Evgeny Epifanovsky (2007)
   Prashant Manohar (2009)

 ------------------------------------------------------------------------------


 Calculation will run on 1 core with 1938MB of RAM.

 
 Alpha MOs, Restricted
 -- Occupied --                  
-20.424  -1.329  -0.694  -0.532  -0.478
  1 A'    2 A'    3 A'    4 A'    1 A"                                         
 -- Virtual --                   
  0.266   0.366   1.215   1.297   1.784   1.859   2.023   3.112
  5 A'    6 A'    7 A'    8 A'    2 A"    9 A'   10 A'   11 A'                 
 
 Beta MOs, Restricted
 -- Occupied --                  
-20.424  -1.329  -0.694  -0.532  -0.478
  1 A'    2 A'    3 A'    4 A'    1 A"                                         
 -- Virtual --                   
  0.266   0.366   1.215   1.297   1.784   1.859   2.023   3.112
  5 A'    6 A'    7 A'    8 A'    2 A"    9 A'   10 A'   11 A'                 

 Occupation and symmetry of molecular orbitals

 Point group: Cs (2 irreducible representations).

                           A'   A"    All 
 ------------------------------------------
 All molecular orbitals:
  - Alpha                  11   2     13  
  - Beta                   11   2     13  
 ------------------------------------------
 Alpha orbitals:
  - Frozen occupied        0    0     0   
  - Active occupied        4    1     5   
  - Active virtual         7    1     8   
  - Frozen virtual         0    0     0   
 ------------------------------------------
 Beta orbitals:
  - Frozen occupied        0    0     0   
  - Active occupied        4    1     5   
  - Active virtual         7    1     8   
  - Frozen virtual         0    0     0   
 ------------------------------------------

 Import integrals:   CPU 0.00 s  wall 0.00 s

 Import integrals:   CPU 0.07 s  wall 0.07 s

 MP2 amplitudes:   CPU 0.01 s  wall 0.01 s

           CCSD T amplitudes will be solved using DIIS.

           Start     Size      MaxIter   EConv     TConv     
           3         7         100       1.00e-06  1.00e-04  
 ------------------------------------------------------------------------------
           Energy (a.u.)   Ediff      Tdiff       Comment
 ------------------------------------------------------------------------------
           -75.70720868                           
     1     -75.71059245   3.38e-03   2.94e-01     
     2     -75.71319722   2.60e-03   3.29e-02     
     3     -75.71393202   7.35e-04   1.14e-02     
     4     -75.71438639   4.54e-04   6.57e-03     Switched to DIIS steps.
     5     -75.71439672   1.03e-05   6.94e-04     
     6     -75.71439537   1.35e-06   2.45e-04     
     7     -75.71439573   3.53e-07   7.19e-05     
 ------------------------------------------------------------------------------
           -75.71439573                           CCSD T converged.

 SCF energy                 = -75.58546929
 MP2 energy                 = -75.70720868
 CCSD correlation energy     =  -0.12892644
 CCSD total energy           = -75.71439573

 CCSD  T1^2 = 0.0006  T2^2 = 0.0363  Leading amplitudes:

 Amplitude    Orbitals with energies
 -0.0102       4 (A') A                  ->    5 (A') A                   
              -0.5320                          0.2662                     
 -0.0102       4 (A') B                  ->    5 (A') B                   
              -0.5320                          0.2662                     
  0.0097       3 (A') A                  ->    10 (A') A                  
              -0.6943                          2.0233                     
  0.0097       3 (A') B                  ->    10 (A') B                  
              -0.6943                          2.0233                     

 Amplitude    Orbitals with energies
 -0.0475       3 (A') A      3 (A') B    ->    6 (A') A      6 (A') B     
              -0.6943       -0.6943            0.3657        0.3657       
  0.0475       3 (A') A      3 (A') B    ->    6 (A') B      6 (A') A     
              -0.6943       -0.6943            0.3657        0.3657       
  0.0475       3 (A') B      3 (A') A    ->    6 (A') A      6 (A') B     
              -0.6943       -0.6943            0.3657        0.3657       
 -0.0475       3 (A') B      3 (A') A    ->    6 (A') B      6 (A') A     
              -0.6943       -0.6943            0.3657        0.3657       

 Computing CCSD intemediates for later calculations
 Finished.

 CCSD calculation:   CPU 1.42 s  wall 1.43 s

           Solving for EOMEE-CCSD A' singlet states.

       EOMEE-CCSD/MP2 right amplitudes will be solved using Davidson.
      Amplitudes will be solved using standard  algorithm
      Roots     MaxVec    MaxIter   Precond   Conv      Thresh    Shift    
      2         60        60        1         1.00e-05  1.00e-05  0.00e+00  
 ------------------------------------------------------------------------------
      Iter ConvRoots NVecs ResNorm Current eigenvalues (eV)
 ------------------------------------------------------------------------------
      0    0      2     1.70e-01   13.7798   15.9684   
      1    0      4     3.99e-01   12.5142   14.7829   
      2    0      6     1.46e-02   11.4148   13.8058   
      3    0      8     1.89e-03   11.3182   13.7233   
      4    0      10    2.73e-04   11.3153   13.7110   
      5    1      12    1.07e-04   11.3141*  13.7057   
      6    1      13    1.48e-05   11.3141*  13.7045   
      7    2      14    3.46e-06   11.3141*  13.7044*  

     Davidson procedure converged

 EOMEE transition 1/A'
 Total energy = -75.29860951 a.u.  Excitation energy = 11.3141 eV.
 R0^2 = 0.0004  R1^2 = 0.9551  R2^2 = 0.0449  Res^2 = 5.00e-06
 Conv-d = yes

 Amplitude    Transitions between orbitals
 -0.6852       4 (A') A                  ->    5 (A') A                   
 -0.6852       4 (A') B                  ->    5 (A') B                   
  0.0703       3 (A') A                  ->    6 (A') A                   
  0.0703       3 (A') B                  ->    6 (A') B                   

              Summary of significant orbitals:

               Number  Type             Irrep      Energy
               3       Occ  Alpha       3 (A')     -0.6943
               4       Occ  Alpha       4 (A')     -0.5320
               3       Occ  Beta        3 (A')     -0.6943
               4       Occ  Beta        4 (A')     -0.5320
               6       Vir  Alpha       5 (A')      0.2662
               7       Vir  Alpha       6 (A')      0.3657
               6       Vir  Beta        5 (A')      0.2662
               7       Vir  Beta        6 (A')      0.3657


 EOMEE transition 2/A'
 Total energy = -75.21076874 a.u.  Excitation energy = 13.7044 eV.
 R0^2 = 0.0000  R1^2 = 0.9552  R2^2 = 0.0448  Res^2 = 1.93e-06
 Conv-d = yes

 Amplitude    Transitions between orbitals
 -0.6839       4 (A') A                  ->    6 (A') A                   
 -0.6839       4 (A') B                  ->    6 (A') B                   
  0.0823       3 (A') A                  ->    5 (A') A                   
  0.0823       3 (A') B                  ->    5 (A') B                   

              Summary of significant orbitals:

               Number  Type             Irrep      Energy
               3       Occ  Alpha       3 (A')     -0.6943
               4       Occ  Alpha       4 (A')     -0.5320
               3       Occ  Beta        3 (A')     -0.6943
               4       Occ  Beta        4 (A')     -0.5320
               6       Vir  Alpha       5 (A')      0.2662
               7       Vir  Alpha       6 (A')      0.3657
               6       Vir  Beta        5 (A')      0.2662
               7       Vir  Beta        6 (A')      0.3657


 EEs and amplitudes of EOMEE has be exported to fchk file
           Solving for EOMEE-CCSD A" singlet states.

       EOMEE-CCSD/MP2 right amplitudes will be solved using Davidson.
      Amplitudes will be solved using standard  algorithm
      Roots     MaxVec    MaxIter   Precond   Conv      Thresh    Shift    
      2         60        60        1         1.00e-05  1.00e-05  0.00e+00  
 ------------------------------------------------------------------------------
      Iter ConvRoots NVecs ResNorm Current eigenvalues (eV)
 ------------------------------------------------------------------------------
      0    0      2     1.71e-01   11.1281   13.4087   
      1    0      4     3.86e-01   9.7937   12.0430   
      2    0      6     1.30e-02   8.8565   11.1189   
      3    0      8     1.32e-03   8.7917   11.0533   
      4    0      10    1.12e-04   8.7881   11.0485   
      5    2      12    5.58e-06   8.7882*  11.0480*  

     Davidson procedure converged

 EOMEE transition 1/A"
 Total energy = -75.39143643 a.u.  Excitation energy = 8.7882 eV.
 R0^2 = 0.0000  R1^2 = 0.9567  R2^2 = 0.0433  Res^2 = 7.06e-06
 Conv-d = yes

 Amplitude    Transitions between orbitals
 -0.6902       1 (A") A                  ->    5 (A') A                   
 -0.6902       1 (A") B                  ->    5 (A') B                   
 -0.0364       1 (A") A                  ->    8 (A') A                   
 -0.0364       1 (A") B                  ->    8 (A') B                   

              Summary of significant orbitals:

               Number  Type             Irrep      Energy
               5       Occ  Alpha       1 (A")     -0.4780
               5       Occ  Beta        1 (A")     -0.4780
               6       Vir  Alpha       5 (A')      0.2662
               9       Vir  Alpha       8 (A')      1.2965
               6       Vir  Beta        5 (A')      0.2662
               9       Vir  Beta        8 (A')      1.2965


 EOMEE transition 2/A"
 Total energy = -75.30838743 a.u.  Excitation energy = 11.0480 eV.
 R0^2 = 0.0000  R1^2 = 0.9589  R2^2 = 0.0411  Res^2 = 4.09e-06
 Conv-d = yes

 Amplitude    Transitions between orbitals
  0.6887       1 (A") A                  ->    6 (A') A                   
  0.6887       1 (A") B                  ->    6 (A') B                   
 -0.0584       1 (A") A                  ->    7 (A') A                   
 -0.0584       1 (A") B                  ->    7 (A') B                   

              Summary of significant orbitals:

               Number  Type             Irrep      Energy
               5       Occ  Alpha       1 (A")     -0.4780
               5       Occ  Beta        1 (A")     -0.4780
               7       Vir  Alpha       6 (A')      0.3657
               8       Vir  Alpha       7 (A')      1.2153
               7       Vir  Beta        6 (A')      0.3657
               8       Vir  Beta        7 (A')      1.2153


 EEs and amplitudes of EOMEE has be exported to fchk file
 EOMEE-CCSD calculation:   CPU 4.29 s  wall 4.30 s

 Total ccman2 time:   CPU 5.98 s  wall 6.00 s

 
 --------------------------------------------------------------
             Orbital Energies (a.u.) and Symmetries
 --------------------------------------------------------------
 
 Alpha MOs, Restricted
 -- Occupied --                  
-20.424  -1.329  -0.694  -0.532  -0.478
  1 A'    2 A'    3 A'    4 A'    1 A"                                         
 -- Virtual --                   
  0.266   0.366   1.215   1.297   1.784   1.859   2.023   3.112
  5 A'    6 A'    7 A'    8 A'    2 A"    9 A'   10 A'   11 A'                 
 
 Beta MOs, Restricted
 -- Occupied --                  
-20.424  -1.329  -0.694  -0.532  -0.478
  1 A'    2 A'    3 A'    4 A'    1 A"                                         
 -- Virtual --                   
  0.266   0.366   1.215   1.297   1.784   1.859   2.023   3.112
  5 A'    6 A'    7 A'    8 A'    2 A"    9 A'   10 A'   11 A'                 
 --------------------------------------------------------------
 
          Ground-State Mulliken Net Atomic Charges

     Atom                 Charge (a.u.)
  ----------------------------------------
      1 H                     0.368775
      2 O                    -0.737551
      3 H                     0.368776
  ----------------------------------------
  Sum of atomic charges =    -0.000000

 -----------------------------------------------------------------
                    Cartesian Multipole Moments
 -----------------------------------------------------------------
    Charge (ESU x 10^10)
                -0.0000
    Dipole Moment (Debye)
         X       0.0000      Y      -2.3845      Z      -0.0000
       Tot       2.3845
    Quadrupole Moments (Debye-Ang)
        XX      -3.9951     XY       0.0000     YY      -5.8740
        XZ       0.0000     YZ       0.0000     ZZ      -6.8034
    Octopole Moments (Debye-Ang^2)
       XXX       0.0000    XXY      -1.1832    XYY      -0.0000
       YYY      -1.2090    XXZ      -0.0000    XYZ      -0.0000
       YYZ      -0.0000    XZZ      -0.0000    YZZ      -0.3159
       ZZZ      -0.0000
    Hexadecapole Moments (Debye-Ang^3)
      XXXX      -5.2607   XXXY      -0.0000   XXYY      -1.4761
      XYYY       0.0000   YYYY      -5.1861   XXXZ      -0.0000
      XXYZ       0.0000   XYYZ      -0.0000   YYYZ      -0.0000
      XXZZ      -1.8156   XYZZ       0.0000   YYZZ      -1.5980
      XZZZ      -0.0000   YZZZ      -0.0000   ZZZZ      -4.1636
 -----------------------------------------------------------------
Archival summary:
1\1\iqmol\SP\ProcedureUnspecified\3-21G\12\epif\MonDec413:59:572017MonDec413:59:572017\0\\#,ProcedureUnspecified,3-21G,\\0,1\O\H,1,0.950868\H,1,0.950875,2,107.696\\HF=-75.5854693\\@

 Total job time:  8.51s(wall), 8.49s(cpu) 
 Mon Dec  4 13:59:57 2017

        *************************************************************
        *                                                           *
        *  Thank you very much for using Q-Chem.  Have a nice day.  *
        *                                                           *
        *************************************************************


